[
    {
        "Id": "",
        "RepoTags": null,
        "RepoDigests": null,
        "Parent": "",
        "Comment": "",
        "Created": "",
        "Container": "",
        "ContainerConfig": null,
        "DockerVersion": "",
        "Author": "",
        "Config": null,
        "Architecture": "",
        "Os": "",
        "Size": 0,
        "VirtualSize": 0,
        "GraphDriver": {
            "Data": null,
            "Name": ""
        },
        "RootFS": {
            "Type": ""
        }
    },
    {
        "Id": "",
        "RepoTags": null,
        "RepoDigests": null,
        "Parent": "",
        "Comment": "",
        "Created": "",
        "Container": "",
        "ContainerConfig": null,
        "DockerVersion": "",
        "Author": "",
        "Config": null,
        "Architecture": "",
        "Os": "",
        "Size": 0,
        "VirtualSize": 0,
        "GraphDriver": {
            "Data": null,
            "Name": ""
        },
        "RootFS": {
            "Type": ""
        }
    }
]
