NAME                   IMAGE          NODE             DESIRED STATE  CURRENT STATE      ERROR           PORTS
failure.1.taskID1      myimage:mytag  defaultNodeName  Ready          Ready 2 hours ago  "a task error"  
 \_ failure.1.taskID2  myimage:mytag  defaultNodeName  Ready          Ready 3 hours ago  "a task error"  
 \_ failure.1.taskID3  myimage:mytag  defaultNodeName  Ready          Ready 4 hours ago  "a task error"  
