*raw
:PREROUTING ACCEPT [0:0]
:OUTPUT ACCEPT [0:0]
COMMIT
*filter
:INPUT ACCEPT [0:0]
:FORWARD ACCEPT [0:0]
:OUTPUT ACCEPT [0:0]
:DOCKER - [0:0]
:DOCKER-BRIDGE - [0:0]
:DOCKER-CT - [0:0]
:DOCKER-FORWARD - [0:0]
:DOCKER-INTERNAL - [0:0]
-A FORWARD -j DOCKER-FORWARD
-A DOCKER-FORWARD -j DOCKER-CT
-A DOCKER-FORWARD -j DOCKER-INTERNAL
-A DOCKER-FORWARD -j DOCKER-BRIDGE
-A DOCKER-FORWARD -i br-dummy -o br-dummy -j ACCEPT
-A DOCKER-INTERNAL ! -s fd49:efd7:54aa::/64 ! -i br-dummy -o br-dummy -j DROP
-A DOCKER-INTERNAL ! -d fd49:efd7:54aa::/64 -i br-dummy ! -o br-dummy -j DROP
COMMIT
*nat
:PREROUTING ACCEPT [0:0]
:INPUT ACCEPT [0:0]
:OUTPUT ACCEPT [0:0]
:POSTROUTING ACCEPT [0:0]
:DOCKER - [0:0]
-A PREROUTING -m addrtype --dst-type LOCAL -j DOCKER
-A OUTPUT ! -d ::1/128 -m addrtype --dst-type LOCAL -j DOCKER
COMMIT
