[
    {
        "Driver": "local",
        "Labels": {
            "foo": "bar"
        },
        "Mountpoint": "/data/volume",
        "Name": "foo",
        "Options": null,
        "Scope": "local"
    },
    {
        "Driver": "local",
        "Labels": {
            "foo": "bar"
        },
        "Mountpoint": "/data/volume",
        "Name": "bar",
        "Options": null,
        "Scope": "local"
    }
]
